******************************************************************************
                  TI ARM Linker PC v20.2.7                     
******************************************************************************
>> Linked Sat Nov  4 19:41:51 2023

OUTPUT FILE NAME:   <ee110a_hw2.out>
ENTRY POINT SYMBOL: "ResetISR"  address: 0000001f


MEMORY CONFIGURATION

         name            origin    length      used     unused   attr    fill
----------------------  --------  ---------  --------  --------  ----  --------
  FLASH                 00000000   00058000  00000402  00057bfe  R  X
  GPRAM                 11000000   00002000  00000000  00002000  RW X
  SRAM                  20000000   00014000  0000078b  00013875  RW X


SEGMENT ALLOCATION MAP

run origin  load origin   length   init length attrs members
----------  ----------- ---------- ----------- ----- -------
00000000    00000000    000003de   000003de    r-x
  00000000    00000000    000003de   000003de    r-x .text
000003e0    000003e0    00000008   00000008    rw-
  000003e0    000003e0    00000008   00000008    rw- .args
000003e8    000003e8    0000001c   0000001c    r--
  000003e8    000003e8    0000001c   0000001c    r-- .cinit
20000000    20000000    0000068b   00000000    rw-
  20000000    20000000    0000068b   00000000    rw- .data
20013f00    20013f00    00000100   00000000    rw-
  20013f00    20013f00    00000100   00000000    rw- .stack


SECTION ALLOCATION MAP

 output                                  attributes/
section   page    origin      length       input sections
--------  ----  ----------  ----------   ----------------
.text      0    00000000    000003de     
                  00000000    00000134     main.obj (.text)
                  00000134    000000b0     keypad.obj (.text)
                  000001e4    0000009c     rtsv7M4_T_le_v4SPD16_eabi.lib : memcpy_t2.asm.obj (.text)
                  00000280    00000068                                   : copy_decompress_lzss.c.obj (.text:decompress:lzss:__TI_decompress_lzss)
                  000002e8    0000004e     prcm_init.obj (.text)
                  00000336    00000036     move_vec_table.obj (.text)
                  0000036c    00000034     keypad_interface.obj (.text)
                  000003a0    0000001c     event_queue.obj (.text)
                  000003bc    00000014     stack_init.obj (.text)
                  000003d0    0000000e     rtsv7M4_T_le_v4SPD16_eabi.lib : copy_decompress_none.c.obj (.text:decompress:none:__TI_decompress_none)

.binit     0    00000000    00000000     

.cinit     0    000003e8    0000001c     
                  000003e8    00000009     (.cinit..data.load) [load image, compression = lzss]
                  000003f1    00000003     --HOLE-- [fill = 0]
                  000003f4    00000008     (__TI_handler_table)
                  000003fc    00000008     (__TI_cinit_table)

.init_array 
*          0    00000000    00000000     UNINITIALIZED

.data      0    20000000    0000068b     UNINITIALIZED
                  20000000    00000400     move_vec_table.obj (.data)
                  20000400    00000180     stack_init.obj (.data)
                  20000580    00000104     event_queue.obj (.data)
                  20000684    00000004     --HOLE--
                  20000688    00000003     keypad.obj (.data)

.stack     0    20013f00    00000100     UNINITIALIZED
                  20013f00    00000004     rtsv7M4_T_le_v4SPD16_eabi.lib : boot_cortex_m.c.obj (.stack)
                  20013f04    000000fc     --HOLE--

__llvm_prf_cnts 
*          0    20000000    00000000     UNINITIALIZED

.args      0    000003e0    00000008     
                  000003e0    00000008     --HOLE-- [fill = 0]

MODULE SUMMARY

       Module                       code   ro data   rw data
       ------                       ----   -------   -------
    .\
       main.obj                     308    0         0      
       event_queue.obj              28     0         260    
       keypad_interface.obj         52     0         0      
    +--+----------------------------+------+---------+---------+
       Total:                       388    0         260    
                                                            
    .\cc26x2r\
       move_vec_table.obj           54     0         1024   
       stack_init.obj               20     0         384    
       prcm_init.obj                78     0         0      
    +--+----------------------------+------+---------+---------+
       Total:                       152    0         1408   
                                                            
    .\keypad\
       keypad.obj                   176    0         3      
    +--+----------------------------+------+---------+---------+
       Total:                       176    0         3      
                                                            
    C:\ti\ccs1250\ccs\tools\compiler\ti-cgt-arm_20.2.7.LTS\lib\rtsv7M4_T_le_v4SPD16_eabi.lib
       memcpy_t2.asm.obj            156    0         0      
       copy_decompress_lzss.c.obj   104    0         0      
       copy_decompress_none.c.obj   14     0         0      
    +--+----------------------------+------+---------+---------+
       Total:                       274    0         0      
                                                            
       Stack:                       0      0         256    
       Linker Generated:            0      25        0      
    +--+----------------------------+------+---------+---------+
       Grand Total:                 990    25        1927   


LINKER GENERATED COPY TABLES

__TI_cinit_table @ 000003fc records: 1, size/record: 8, table size: 8
	.data: load addr=000003e8, load size=00000009 bytes, run addr=20000000, run size=0000068b bytes, compression=lzss


LINKER GENERATED HANDLER TABLE

__TI_handler_table @ 000003f4 records: 2, size/record: 4, table size: 8
	index: 0, handler: __TI_decompress_lzss
	index: 1, handler: __TI_decompress_none


GLOBAL SYMBOLS: SORTED ALPHABETICALLY BY Name 

address   name                    
-------   ----                    
000003a1  EnqueueEvent            
00000303  GPIOClockInit           
0000031b  GPTClockInit            
00000135  KeypadInit              
00000167  KeypadScanAndDebounce   
00000337  MoveVecTable            
000002e9  PDInit                  
00000389  ReadRow                 
0000001f  ResetISR                
0000036d  SelectRow               
000003bd  StackInit               
20014000  __STACK_END             
00000100  __STACK_SIZE            
20014000  __STACK_TOP             
000003fc  __TI_CINIT_Base         
00000404  __TI_CINIT_Limit        
000003f4  __TI_Handler_Table_Base 
000003fc  __TI_Handler_Table_Limit
00000281  __TI_decompress_lzss    
000003d1  __TI_decompress_none    
ffffffff  __TI_pprof_out_hndl     
ffffffff  __TI_prof_data_size     
ffffffff  __TI_prof_data_start    
00000000  __TI_static_base__      
000001e5  __aeabi_memcpy          
000001e5  __aeabi_memcpy4         
000001e5  __aeabi_memcpy8         
ffffffff  __binit__               
000003e0  __c_args__              
20013f00  __stack                 
20000000  __start___llvm_prf_cnts 
20000000  __stop___llvm_prf_cnts  
ffffffff  binit                   
000001e5  memcpy                  


GLOBAL SYMBOLS: SORTED BY Symbol Address 

address   name                    
-------   ----                    
00000000  __TI_static_base__      
0000001f  ResetISR                
00000100  __STACK_SIZE            
00000135  KeypadInit              
00000167  KeypadScanAndDebounce   
000001e5  __aeabi_memcpy          
000001e5  __aeabi_memcpy4         
000001e5  __aeabi_memcpy8         
000001e5  memcpy                  
00000281  __TI_decompress_lzss    
000002e9  PDInit                  
00000303  GPIOClockInit           
0000031b  GPTClockInit            
00000337  MoveVecTable            
0000036d  SelectRow               
00000389  ReadRow                 
000003a1  EnqueueEvent            
000003bd  StackInit               
000003d1  __TI_decompress_none    
000003e0  __c_args__              
000003f4  __TI_Handler_Table_Base 
000003fc  __TI_CINIT_Base         
000003fc  __TI_Handler_Table_Limit
00000404  __TI_CINIT_Limit        
20000000  __start___llvm_prf_cnts 
20000000  __stop___llvm_prf_cnts  
20013f00  __stack                 
20014000  __STACK_END             
20014000  __STACK_TOP             
ffffffff  __TI_pprof_out_hndl     
ffffffff  __TI_prof_data_size     
ffffffff  __TI_prof_data_start    
ffffffff  __binit__               
ffffffff  binit                   

[34 symbols]
