******************************************************************************
                  TI ARM Linker PC v20.2.7                     
******************************************************************************
>> Linked Fri Nov  3 16:42:20 2023

OUTPUT FILE NAME:   <ee110a_hw2.out>
ENTRY POINT SYMBOL: "ResetISR"  address: 0000003b


MEMORY CONFIGURATION

         name            origin    length      used     unused   attr    fill
----------------------  --------  ---------  --------  --------  ----  --------
  FLASH                 00000000   00058000  000002ba  00057d46  R  X
  GPRAM                 11000000   00002000  00000000  00002000  RW X
  SRAM                  20000000   00014000  00000784  0001387c  RW X


SEGMENT ALLOCATION MAP

run origin  load origin   length   init length attrs members
----------  ----------- ---------- ----------- ----- -------
00000000    00000000    00000292   00000292    r-x
  00000000    00000000    00000292   00000292    r-x .text
00000294    00000294    00000008   00000008    rw-
  00000294    00000294    00000008   00000008    rw- .args
000002a0    000002a0    00000020   00000020    r--
  000002a0    000002a0    00000020   00000020    r-- .cinit
20000000    20000000    00000684   00000000    rw-
  20000000    20000000    00000684   00000000    rw- .data
20013f00    20013f00    00000100   00000000    rw-
  20013f00    20013f00    00000100   00000000    rw- .stack


SECTION ALLOCATION MAP

 output                                  attributes/
section   page    origin      length       input sections
--------  ----  ----------  ----------   ----------------
.text      0    00000000    00000292     
                  00000000    000000e8     main.obj (.text)
                  000000e8    0000009c     rtsv7M4_T_le_v4SPD16_eabi.lib : memcpy_t2.asm.obj (.text)
                  00000184    00000068                                   : copy_decompress_lzss.c.obj (.text:decompress:lzss:__TI_decompress_lzss)
                  000001ec    0000004e     prcm_init.obj (.text)
                  0000023a    00000036     move_vec_table.obj (.text)
                  00000270    00000014     stack_init.obj (.text)
                  00000284    0000000e     rtsv7M4_T_le_v4SPD16_eabi.lib : copy_decompress_none.c.obj (.text:decompress:none:__TI_decompress_none)

.binit     0    00000000    00000000     

.cinit     0    000002a0    00000020     
                  000002a0    0000000d     (.cinit..data.load) [load image, compression = lzss]
                  000002ad    00000003     --HOLE-- [fill = 0]
                  000002b0    00000008     (__TI_handler_table)
                  000002b8    00000008     (__TI_cinit_table)

.init_array 
*          0    00000000    00000000     UNINITIALIZED

.data      0    20000000    00000684     UNINITIALIZED
                  20000000    00000400     move_vec_table.obj (.data)
                  20000400    00000180     stack_init.obj (.data)
                  20000580    00000104     main.obj (.data)

.stack     0    20013f00    00000100     UNINITIALIZED
                  20013f00    00000004     rtsv7M4_T_le_v4SPD16_eabi.lib : boot_cortex_m.c.obj (.stack)
                  20013f04    000000fc     --HOLE--

__llvm_prf_cnts 
*          0    20000000    00000000     UNINITIALIZED

.args      0    00000294    00000008     
                  00000294    00000008     --HOLE-- [fill = 0]

MODULE SUMMARY

       Module                       code   ro data   rw data
       ------                       ----   -------   -------
    .\
       main.obj                     232    0         260    
    +--+----------------------------+------+---------+---------+
       Total:                       232    0         260    
                                                            
    .\cc26x2r\
       move_vec_table.obj           54     0         1024   
       stack_init.obj               20     0         384    
       prcm_init.obj                78     0         0      
    +--+----------------------------+------+---------+---------+
       Total:                       152    0         1408   
                                                            
    C:\ti\ccs1250\ccs\tools\compiler\ti-cgt-arm_20.2.7.LTS\lib\rtsv7M4_T_le_v4SPD16_eabi.lib
       memcpy_t2.asm.obj            156    0         0      
       copy_decompress_lzss.c.obj   104    0         0      
       copy_decompress_none.c.obj   14     0         0      
    +--+----------------------------+------+---------+---------+
       Total:                       274    0         0      
                                                            
       Stack:                       0      0         256    
       Linker Generated:            0      29        0      
    +--+----------------------------+------+---------+---------+
       Grand Total:                 658    29        1924   


LINKER GENERATED COPY TABLES

__TI_cinit_table @ 000002b8 records: 1, size/record: 8, table size: 8
	.data: load addr=000002a0, load size=0000000d bytes, run addr=20000000, run size=00000684 bytes, compression=lzss


LINKER GENERATED HANDLER TABLE

__TI_handler_table @ 000002b0 records: 2, size/record: 4, table size: 8
	index: 0, handler: __TI_decompress_lzss
	index: 1, handler: __TI_decompress_none


GLOBAL SYMBOLS: SORTED ALPHABETICALLY BY Name 

address   name                    
-------   ----                    
00000001  EnqueueEvent            
00000207  GPIOClockInit           
0000021f  GPTClockInit            
0000023b  MoveVecTable            
000001ed  PDInit                  
0000003b  ResetISR                
00000271  StackInit               
20014000  __STACK_END             
00000100  __STACK_SIZE            
20014000  __STACK_TOP             
000002b8  __TI_CINIT_Base         
000002c0  __TI_CINIT_Limit        
000002b0  __TI_Handler_Table_Base 
000002b8  __TI_Handler_Table_Limit
00000185  __TI_decompress_lzss    
00000285  __TI_decompress_none    
ffffffff  __TI_pprof_out_hndl     
ffffffff  __TI_prof_data_size     
ffffffff  __TI_prof_data_start    
00000000  __TI_static_base__      
000000e9  __aeabi_memcpy          
000000e9  __aeabi_memcpy4         
000000e9  __aeabi_memcpy8         
ffffffff  __binit__               
00000294  __c_args__              
20013f00  __stack                 
20000000  __start___llvm_prf_cnts 
20000000  __stop___llvm_prf_cnts  
ffffffff  binit                   
000000e9  memcpy                  


GLOBAL SYMBOLS: SORTED BY Symbol Address 

address   name                    
-------   ----                    
00000000  __TI_static_base__      
00000001  EnqueueEvent            
0000003b  ResetISR                
000000e9  __aeabi_memcpy          
000000e9  __aeabi_memcpy4         
000000e9  __aeabi_memcpy8         
000000e9  memcpy                  
00000100  __STACK_SIZE            
00000185  __TI_decompress_lzss    
000001ed  PDInit                  
00000207  GPIOClockInit           
0000021f  GPTClockInit            
0000023b  MoveVecTable            
00000271  StackInit               
00000285  __TI_decompress_none    
00000294  __c_args__              
000002b0  __TI_Handler_Table_Base 
000002b8  __TI_CINIT_Base         
000002b8  __TI_Handler_Table_Limit
000002c0  __TI_CINIT_Limit        
20000000  __start___llvm_prf_cnts 
20000000  __stop___llvm_prf_cnts  
20013f00  __stack                 
20014000  __STACK_END             
20014000  __STACK_TOP             
ffffffff  __TI_pprof_out_hndl     
ffffffff  __TI_prof_data_size     
ffffffff  __TI_prof_data_start    
ffffffff  __binit__               
ffffffff  binit                   

[30 symbols]
