******************************************************************************
                  TI ARM Linker PC v20.2.7                     
******************************************************************************
>> Linked Mon Nov  6 20:28:26 2023

OUTPUT FILE NAME:   <ee110a_hw2.out>
ENTRY POINT SYMBOL: "ResetISR"  address: 0000001f


MEMORY CONFIGURATION

         name            origin    length      used     unused   attr    fill
----------------------  --------  ---------  --------  --------  ----  --------
  FLASH                 00000000   00058000  0000044a  00057bb6  R  X
  GPRAM                 11000000   00002000  00000000  00002000  RW X
  SRAM                  20000000   00014000  0000078b  00013875  RW X


SEGMENT ALLOCATION MAP

run origin  load origin   length   init length attrs members
----------  ----------- ---------- ----------- ----- -------
00000000    00000000    00000426   00000426    r-x
  00000000    00000000    00000426   00000426    r-x .text
00000428    00000428    00000008   00000008    rw-
  00000428    00000428    00000008   00000008    rw- .args
00000430    00000430    0000001c   0000001c    r--
  00000430    00000430    0000001c   0000001c    r-- .cinit
20000000    20000000    0000068b   00000000    rw-
  20000000    20000000    0000068b   00000000    rw- .data
20013f00    20013f00    00000100   00000000    rw-
  20013f00    20013f00    00000100   00000000    rw- .stack


SECTION ALLOCATION MAP

 output                                  attributes/
section   page    origin      length       input sections
--------  ----  ----------  ----------   ----------------
.text      0    00000000    00000426     
                  00000000    00000132     main.obj (.text)
                  00000132    000000e0     keypad.obj (.text)
                  00000212    0000009c     rtsv7M4_T_le_v4SPD16_eabi.lib : memcpy_t2.asm.obj (.text)
                  000002ae    00000068                                   : copy_decompress_lzss.c.obj (.text:decompress:lzss:__TI_decompress_lzss)
                  00000316    0000004e     prcm_init.obj (.text)
                  00000364    00000036     event_queue.obj (.text)
                  0000039a    00000036     move_vec_table.obj (.text)
                  000003d0    00000034     keypad_interface.obj (.text)
                  00000404    00000014     stack_init.obj (.text)
                  00000418    0000000e     rtsv7M4_T_le_v4SPD16_eabi.lib : copy_decompress_none.c.obj (.text:decompress:none:__TI_decompress_none)

.binit     0    00000000    00000000     

.cinit     0    00000430    0000001c     
                  00000430    00000009     (.cinit..data.load) [load image, compression = lzss]
                  00000439    00000003     --HOLE-- [fill = 0]
                  0000043c    00000008     (__TI_handler_table)
                  00000444    00000008     (__TI_cinit_table)

.init_array 
*          0    00000000    00000000     UNINITIALIZED

.data      0    20000000    0000068b     UNINITIALIZED
                  20000000    00000400     move_vec_table.obj (.data)
                  20000400    00000180     stack_init.obj (.data)
                  20000580    00000104     event_queue.obj (.data)
                  20000684    00000004     --HOLE--
                  20000688    00000003     keypad.obj (.data)

.stack     0    20013f00    00000100     UNINITIALIZED
                  20013f00    00000004     rtsv7M4_T_le_v4SPD16_eabi.lib : boot_cortex_m.c.obj (.stack)
                  20013f04    000000fc     --HOLE--

__llvm_prf_cnts 
*          0    20000000    00000000     UNINITIALIZED

.args      0    00000428    00000008     
                  00000428    00000008     --HOLE-- [fill = 0]

MODULE SUMMARY

       Module                       code   ro data   rw data
       ------                       ----   -------   -------
    .\
       event_queue.obj              54     0         260    
       main.obj                     306    0         0      
       keypad_interface.obj         52     0         0      
    +--+----------------------------+------+---------+---------+
       Total:                       412    0         260    
                                                            
    .\cc26x2r\
       move_vec_table.obj           54     0         1024   
       stack_init.obj               20     0         384    
       prcm_init.obj                78     0         0      
    +--+----------------------------+------+---------+---------+
       Total:                       152    0         1408   
                                                            
    .\keypad\
       keypad.obj                   224    0         3      
    +--+----------------------------+------+---------+---------+
       Total:                       224    0         3      
                                                            
    C:\ti\ccs1250\ccs\tools\compiler\ti-cgt-arm_20.2.7.LTS\lib\rtsv7M4_T_le_v4SPD16_eabi.lib
       memcpy_t2.asm.obj            156    0         0      
       copy_decompress_lzss.c.obj   104    0         0      
       copy_decompress_none.c.obj   14     0         0      
    +--+----------------------------+------+---------+---------+
       Total:                       274    0         0      
                                                            
       Stack:                       0      0         256    
       Linker Generated:            0      25        0      
    +--+----------------------------+------+---------+---------+
       Grand Total:                 1062   25        1927   


LINKER GENERATED COPY TABLES

__TI_cinit_table @ 00000444 records: 1, size/record: 8, table size: 8
    .data: load addr=00000430, load size=00000009 bytes, run addr=20000000, run size=0000068b bytes, compression=lzss


LINKER GENERATED HANDLER TABLE

__TI_handler_table @ 0000043c records: 2, size/record: 4, table size: 8
    index: 0, handler: __TI_decompress_lzss
    index: 1, handler: __TI_decompress_none


GLOBAL SYMBOLS: SORTED ALPHABETICALLY BY Name 

address   name                    
-------   ----                    
00000365  EnqueueEvent            
00000331  GPIOClockInit           
00000349  GPTClockInit            
00000133  KeypadInit              
00000165  KeypadScanAndDebounce   
0000039b  MoveVecTable            
00000317  PeriphPowerInit                  
000003ed  ReadRow                 
0000001f  ResetISR                
000003d1  SelectRow               
00000405  StackInit               
20014000  __STACK_END             
00000100  __STACK_SIZE            
20014000  __STACK_TOP             
00000444  __TI_CINIT_Base         
0000044c  __TI_CINIT_Limit        
0000043c  __TI_Handler_Table_Base 
00000444  __TI_Handler_Table_Limit
000002af  __TI_decompress_lzss    
00000419  __TI_decompress_none    
ffffffff  __TI_pprof_out_hndl     
ffffffff  __TI_prof_data_size     
ffffffff  __TI_prof_data_start    
00000000  __TI_static_base__      
00000213  __aeabi_memcpy          
00000213  __aeabi_memcpy4         
00000213  __aeabi_memcpy8         
ffffffff  __binit__               
00000428  __c_args__              
20013f00  __stack                 
20000000  __start___llvm_prf_cnts 
20000000  __stop___llvm_prf_cnts  
ffffffff  binit                   
00000213  memcpy                  


GLOBAL SYMBOLS: SORTED BY Symbol Address 

address   name                    
-------   ----                    
00000000  __TI_static_base__      
0000001f  ResetISR                
00000100  __STACK_SIZE            
00000133  KeypadInit              
00000165  KeypadScanAndDebounce   
00000213  __aeabi_memcpy          
00000213  __aeabi_memcpy4         
00000213  __aeabi_memcpy8         
00000213  memcpy                  
000002af  __TI_decompress_lzss    
00000317  PeriphPowerInit                  
00000331  GPIOClockInit           
00000349  GPTClockInit            
00000365  EnqueueEvent            
0000039b  MoveVecTable            
000003d1  SelectRow               
000003ed  ReadRow                 
00000405  StackInit               
00000419  __TI_decompress_none    
00000428  __c_args__              
0000043c  __TI_Handler_Table_Base 
00000444  __TI_CINIT_Base         
00000444  __TI_Handler_Table_Limit
0000044c  __TI_CINIT_Limit        
20000000  __start___llvm_prf_cnts 
20000000  __stop___llvm_prf_cnts  
20013f00  __stack                 
20014000  __STACK_END             
20014000  __STACK_TOP             
ffffffff  __TI_pprof_out_hndl     
ffffffff  __TI_prof_data_size     
ffffffff  __TI_prof_data_start    
ffffffff  __binit__               
ffffffff  binit                   

[34 symbols]
