******************************************************************************
                  TI ARM Linker PC v20.2.7                     
******************************************************************************
>> Linked Tue Mar  5 23:49:05 2024

OUTPUT FILE NAME:   <ee110a_hw2.out>
ENTRY POINT SYMBOL: "ResetISR"  address: 0000001f


MEMORY CONFIGURATION

         name            origin    length      used     unused   attr    fill
----------------------  --------  ---------  --------  --------  ----  --------
  FLASH                 00000000   00058000  000003ee  00057c12  R  X
  GPRAM                 11000000   00002000  00000000  00002000  RW X
  SRAM                  20000000   00014000  000003d8  00013c28  RW X


SEGMENT ALLOCATION MAP

run origin  load origin   length   init length attrs members
----------  ----------- ---------- ----------- ----- -------
00000000    00000000    000003ca   000003ca    r-x
  00000000    00000000    000003ca   000003ca    r-x .text
000003cc    000003cc    00000008   00000008    rw-
  000003cc    000003cc    00000008   00000008    rw- .args
000003d8    000003d8    0000001c   0000001c    r--
  000003d8    000003d8    0000001c   0000001c    r-- .cinit
20000000    20000000    000002d8   00000000    rw-
  20000000    20000000    000002d8   00000000    rw- .data
20013f00    20013f00    00000100   00000000    rw-
  20013f00    20013f00    00000100   00000000    rw- .stack


SECTION ALLOCATION MAP

 output                                  attributes/
section   page    origin      length       input sections
--------  ----  ----------  ----------   ----------------
.text      0    00000000    000003ca     
                  00000000    00000108     keypad_demo.obj (.text)
                  00000108    000000e0     keypad.obj (.text)
                  000001e8    0000009c     rtsv7M4_T_le_v4SPD16_eabi.lib : memcpy_t2.asm.obj (.text)
                  00000284    00000068                                   : copy_decompress_lzss.c.obj (.text:decompress:lzss:__TI_decompress_lzss)
                  000002ec    00000052     prcm_init.obj (.text)
                  0000033e    00000036     move_vec_table.obj (.text)
                  00000374    00000034     keypad_interface.obj (.text)
                  000003a8    00000014     stack_init.obj (.text)
                  000003bc    0000000e     rtsv7M4_T_le_v4SPD16_eabi.lib : copy_decompress_none.c.obj (.text:decompress:none:__TI_decompress_none)

.binit     0    00000000    00000000     

.cinit     0    000003d8    0000001c     
                  000003d8    00000009     (.cinit..data.load) [load image, compression = lzss]
                  000003e1    00000003     --HOLE-- [fill = 0]
                  000003e4    00000008     (__TI_handler_table)
                  000003ec    00000008     (__TI_cinit_table)

.init_array 
*          0    00000000    00000000     UNINITIALIZED

.data      0    20000000    000002d8     UNINITIALIZED
                  20000000    00000180     stack_init.obj (.data)
                  20000180    00000003     keypad.obj (.data)
                  20000183    0000007d     --HOLE--
                  20000200    000000d8     move_vec_table.obj (.data)

.stack     0    20013f00    00000100     UNINITIALIZED
                  20013f00    00000004     rtsv7M4_T_le_v4SPD16_eabi.lib : boot_cortex_m.c.obj (.stack)
                  20013f04    000000fc     --HOLE--

__llvm_prf_cnts 
*          0    20000000    00000000     UNINITIALIZED

.args      0    000003cc    00000008     
                  000003cc    00000008     --HOLE-- [fill = 0]

MODULE SUMMARY

       Module                       code   ro data   rw data
       ------                       ----   -------   -------
    .\
       keypad_demo.obj              264    0         0      
       keypad_interface.obj         52     0         0      
    +--+----------------------------+------+---------+---------+
       Total:                       316    0         0      
                                                            
    .\cc26x2r\
       stack_init.obj               20     0         384    
       move_vec_table.obj           54     0         216    
       prcm_init.obj                82     0         0      
    +--+----------------------------+------+---------+---------+
       Total:                       156    0         600    
                                                            
    .\keypad\
       keypad.obj                   224    0         3      
    +--+----------------------------+------+---------+---------+
       Total:                       224    0         3      
                                                            
    C:\ti\ccs1250\ccs\tools\compiler\ti-cgt-arm_20.2.7.LTS\lib\rtsv7M4_T_le_v4SPD16_eabi.lib
       memcpy_t2.asm.obj            156    0         0      
       copy_decompress_lzss.c.obj   104    0         0      
       copy_decompress_none.c.obj   14     0         0      
    +--+----------------------------+------+---------+---------+
       Total:                       274    0         0      
                                                            
       Stack:                       0      0         256    
       Linker Generated:            0      25        0      
    +--+----------------------------+------+---------+---------+
       Grand Total:                 970    25        859    


LINKER GENERATED COPY TABLES

__TI_cinit_table @ 000003ec records: 1, size/record: 8, table size: 8
	.data: load addr=000003d8, load size=00000009 bytes, run addr=20000000, run size=000002d8 bytes, compression=lzss


LINKER GENERATED HANDLER TABLE

__TI_handler_table @ 000003e4 records: 2, size/record: 4, table size: 8
	index: 0, handler: __TI_decompress_lzss
	index: 1, handler: __TI_decompress_none


GLOBAL SYMBOLS: SORTED ALPHABETICALLY BY Name 

address   name                    
-------   ----                    
UNDEFED   EnqueueEvent            
00000307  GPIOClockInit           
00000323  GPTClockInit            
00000109  KeypadInit              
0000013b  KeypadScanAndDebounce   
0000033f  MoveVecTable            
000002ed  PeriphPowerInit         
00000391  ReadRow                 
0000001f  ResetISR                
00000375  SelectRow               
000003a9  StackInit               
20014000  __STACK_END             
00000100  __STACK_SIZE            
20014000  __STACK_TOP             
000003ec  __TI_CINIT_Base         
000003f4  __TI_CINIT_Limit        
000003e4  __TI_Handler_Table_Base 
000003ec  __TI_Handler_Table_Limit
00000285  __TI_decompress_lzss    
000003bd  __TI_decompress_none    
ffffffff  __TI_pprof_out_hndl     
ffffffff  __TI_prof_data_size     
ffffffff  __TI_prof_data_start    
00000000  __TI_static_base__      
000001e9  __aeabi_memcpy          
000001e9  __aeabi_memcpy4         
000001e9  __aeabi_memcpy8         
ffffffff  __binit__               
000003cc  __c_args__              
20013f00  __stack                 
20000000  __start___llvm_prf_cnts 
20000000  __stop___llvm_prf_cnts  
ffffffff  binit                   
000001e9  memcpy                  


GLOBAL SYMBOLS: SORTED BY Symbol Address 

address   name                    
-------   ----                    
00000000  __TI_static_base__      
0000001f  ResetISR                
00000100  __STACK_SIZE            
00000109  KeypadInit              
0000013b  KeypadScanAndDebounce   
000001e9  __aeabi_memcpy          
000001e9  __aeabi_memcpy4         
000001e9  __aeabi_memcpy8         
000001e9  memcpy                  
00000285  __TI_decompress_lzss    
000002ed  PeriphPowerInit         
00000307  GPIOClockInit           
00000323  GPTClockInit            
0000033f  MoveVecTable            
00000375  SelectRow               
00000391  ReadRow                 
000003a9  StackInit               
000003bd  __TI_decompress_none    
000003cc  __c_args__              
000003e4  __TI_Handler_Table_Base 
000003ec  __TI_CINIT_Base         
000003ec  __TI_Handler_Table_Limit
000003f4  __TI_CINIT_Limit        
20000000  __start___llvm_prf_cnts 
20000000  __stop___llvm_prf_cnts  
20013f00  __stack                 
20014000  __STACK_END             
20014000  __STACK_TOP             
ffffffff  __TI_pprof_out_hndl     
ffffffff  __TI_prof_data_size     
ffffffff  __TI_prof_data_start    
ffffffff  __binit__               
ffffffff  binit                   
UNDEFED   EnqueueEvent            

[34 symbols]
